---
source: crates/crucible-cli/src/tui/components/session_history.rs
expression: terminal.backend()
---
"                                                                                "
"                                                                                "
"                                                                                "
"                                                                                "
"                                                                                "
"                                                                                "
"                                                                                "
"                                                                                "
"                                                                                "
"                                                                                "
"                                                                                "
"                                                                                "
"                                                                                "
"                                                                                "
"                                                                                "
"                                                                                "
"                                                                                "
" > Read my note                                                                 "
"                                                                                "
" ● Let me read that for you.                                                    "
"                                                                                "
" ● read(path="note.md") → success                                               "
"                                                                                "
" ● I've read the note.                                                          "
