---
source: crates/crucible-cli/src/tui/components/session_history.rs
expression: terminal.backend()
---
"                                                                                "
" > Explain                                                                      "
"                                                                                "
" ● I'm thinking about your questio                                              "
"                                                                                "
"                                                                                "
"                                                                                "
"                                                                                "
"                                                                                "
"                                                                                "
"                                                                                "
"                                                                                "
"                                                                                "
"                                                                                "
"                                                                                "
"                                                                                "
"                                                                                "
"                                                                                "
"                                                                                "
"                                                                                "
"                                                                                "
"                                                                                "
"                                                                                "
"                                                                                "
