---
source: crates/crucible-cli/src/tui/components/input_box.rs
expression: terminal.backend()
---
"                                                                                "
" > hello world                                                                  "
"                                                                                "
