---
source: crates/crucible-cli/src/tui/components/session_history.rs
expression: terminal.backend()
---
"                                                                                "
"                                                                                "
"                                                                                "
"                                                                                "
"                                                                                "
"                                                                                "
"                                                                                "
"                                                                                "
"                                                                                "
"                                                                                "
"                                                                                "
"                                                                                "
"                                                                                "
"                                                                                "
"                                                                                "
"                                                                                "
"                                                                                "
"                                                                                "
"                                                                                "
"                                                                                "
" > Search the codebase                                                          "
"                                                                                "
" ● grep(pattern="search") → 2 matches                                           "
" ✗ read(path="missing.txt") → file not found                                    "
