cargo :    Compiling tokio v1.48.0
At line:1 char:1
+ cargo build --workspace 2>&1 | Out-File -FilePath build_errors.txt; G ...
+ ~~~~~~~~~~~~~~~~~~~~~~~~~~~~
    + CategoryInfo          : NotSpecified: (   Compiling tokio v1.48.0:String) [], RemoteEx   
 ception
    + FullyQualifiedErrorId : NativeCommandError
 
   Compiling notify v8.2.0
   Compiling cedar-policy-core v2.4.2
   Compiling ureq v2.12.1
   Compiling librocksdb-sys v0.17.3+10.4.2
   Compiling tokenizers v0.22.1
   Compiling crossterm v0.29.0
   Compiling bstr v1.12.0
   Compiling crossterm v0.28.1
   Compiling console v0.16.1
   Compiling crossterm v0.27.0
   Compiling rocksdb v0.23.0
   Compiling notify-debouncer-mini v0.7.0
   Compiling notify-debouncer-full v0.5.0
   Compiling indicatif v0.18.2
   Compiling globset v0.4.18
   Compiling comfy-table v7.2.1
   Compiling ignore v0.4.25
   Compiling reedline v0.34.0
   Compiling nucleo-picker v0.9.0
   Compiling ratatui v0.29.0
   Compiling tokio-util v0.7.16
   Compiling tokio-rustls v0.26.4
   Compiling tokio-native-tls v0.3.1
   Compiling crucible-parser v0.1.0 
(C:\Users\Matthew\Documents\crucible\crates\crucible-parser)
   Compiling tower v0.5.2
   Compiling crucible-config v0.1.0 
(C:\Users\Matthew\Documents\crucible\crates\crucible-config)
   Compiling affinitypool v0.3.1
   Compiling object_store v0.12.4
   Compiling tokio-tungstenite v0.28.0
   Compiling tokio-stream v0.1.17
   Compiling crucible-a2a v0.1.0 (C:\Users\Matthew\Documents\crucible\crates\crucible-a2a)
   Compiling tokio-tungstenite v0.23.1
   Compiling crucible-sync v0.1.0 (C:\Users\Matthew\Documents\crucible\crates\crucible-sync)
   Compiling tower-http v0.6.6
   Compiling h2 v0.4.12
   Compiling crucible-merkle v0.1.0 
(C:\Users\Matthew\Documents\crucible\crates\crucible-merkle)
   Compiling crucible-core v0.1.0 (C:\Users\Matthew\Documents\crucible\crates\crucible-core)
   Compiling hyper v1.7.0
   Compiling cedar-policy-validator v2.4.2
   Compiling hyper-util v0.1.17
   Compiling hyper-tls v0.6.0
   Compiling hyper-rustls v0.27.7
   Compiling cedar-policy v2.4.2
   Compiling reqwest v0.12.24
   Compiling surrealdb-core v2.3.10
   Compiling hf-hub v0.4.3
   Compiling fastembed v5.2.0
warning: unused variable: `storage_builder`
   --> crates\crucible-core\src\parser\storage_bridge.rs:274:9
    |
274 |         storage_builder: &ContentAddressedStorageBuilder,
    |         ^^^^^^^^^^^^^^^ help: if this is intentional, prefix it with an underscore: 
`_storage_builder`
    |
    = note: `#[warn(unused_variables)]` on by default

   Compiling crucible-enrichment v0.1.0 
(C:\Users\Matthew\Documents\crucible\crates\crucible-enrichment)
   Compiling crucible-llm v0.1.0 (C:\Users\Matthew\Documents\crucible\crates\crucible-llm)
   Compiling crucible-pipeline v0.1.0 
(C:\Users\Matthew\Documents\crucible\crates\crucible-pipeline)
warning: unused variable: `idx`
   --> crates\crucible-pipeline\src\note_pipeline.rs:228:14
    |
228 |         for (idx, section) in diff.changed_sections.iter().enumerate() {
    |              ^^^ help: if this is intentional, prefix it with an underscore: `_idx`
    |
    = note: `#[warn(unused_variables)]` on by default

warning: `crucible-pipeline` (lib) generated 1 warning
warning: `crucible-core` (lib) generated 1 warning
   Compiling surrealdb v2.3.10
   Compiling crucible-surrealdb v0.1.0 
(C:\Users\Matthew\Documents\crucible\crates\crucible-surrealdb)
warning: unused import: `sanitize_record_id`
  --> crates\crucible-surrealdb\src\kiln_integration.rs:15:48
   |
15 | use crate::utils::{resolve_and_normalize_path, sanitize_record_id};
   |                                                ^^^^^^^^^^^^^^^^^^
   |
   = note: `#[warn(unused_imports)]` on by default

warning: unused import: `RecordId`
  --> crates\crucible-surrealdb\src\merkle_persistence.rs:15:32
   |
15 | use crate::{DbError, DbResult, RecordId, SurrealClient};
   |                                ^^^^^^^^

warning: unused import: `crucible_core::parser::ParsedNote`
  --> crates\crucible-surrealdb\src\merkle_persistence.rs:17:5
   |
17 | use crucible_core::parser::ParsedNote;
   |     ^^^^^^^^^^^^^^^^^^^^^^^^^^^^^^^^^

warning: unused import: `crucible_enrichment::{
         }`
  --> crates\crucible-surrealdb\src\lib.rs:97:9
   |
97 |   pub use crucible_enrichment::{
   |  _________^
98 | | };
   | |_^

warning: value assigned to `last_error` is never read
   --> crates\crucible-surrealdb\src\transaction_consumer.rs:495:17
    |
495 |         let mut last_error = None;
    |                 ^^^^^^^^^^
    |
    = help: maybe it is overwritten before being read?
    = note: `#[warn(unused_assignments)]` on by default

warning: value assigned to `last_error` is never read
   --> crates\crucible-surrealdb\src\transaction_consumer.rs:765:21
    |
765 |             let mut last_error = None;
    |                     ^^^^^^^^^^
    |
    = help: maybe it is overwritten before being read?

warning: unused import: `crucible_core::merkle::MerkleStore`
    --> crates\crucible-surrealdb\src\eav_graph\ingest.rs:1057:17
     |
1057 |             use crucible_core::merkle::MerkleStore;
     |                 ^^^^^^^^^^^^^^^^^^^^^^^^^^^^^^^^^^

warning: method `merge_state_with_pending` is never used
   --> crates\crucible-surrealdb\src\batch_aware_client.rs:118:14
    |
 87 | impl BatchAwareSurrealClient {
    | ---------------------------- method in this implementation
...
118 |     async fn merge_state_with_pending(
    |              ^^^^^^^^^^^^^^^^^^^^^^^^
    |
    = note: `#[warn(dead_code)]` on by default

warning: methods `add_embed_variant_metadata`, `get_render_hints`, 
`extract_external_url_metadata`, and `extract_youtube_video_id` are never used
    --> crates\crucible-surrealdb\src\eav_graph\ingest.rs:692:8
     |
 134 | impl<'a> NoteIngestor<'a> {
     | ------------------------- methods in this implementation
...
 692 |     fn add_embed_variant_metadata(
     |        ^^^^^^^^^^^^^^^^^^^^^^^^^^
...
 882 |     fn get_render_hints(&self, wikilink: &crucible_core::parser::Wikilink) -> 
serde_json::Value {
     |        ^^^^^^^^^^^^^^^^
...
1970 |     fn extract_external_url_metadata(
     |        ^^^^^^^^^^^^^^^^^^^^^^^^^^^^^
...
2046 |     fn extract_youtube_video_id(&self, url: &str) -> Option<String> {
     |        ^^^^^^^^^^^^^^^^^^^^^^^^

warning: function `entity_record_id` is never used
  --> crates\crucible-surrealdb\src\hash_lookup.rs:62:4
   |
62 | fn entity_record_id(relative_path: &str) -> String {
   |    ^^^^^^^^^^^^^^^^

warning: function `ensure_tag_exists` is never used
   --> crates\crucible-surrealdb\src\kiln_integration.rs:795:10
    |
795 | async fn ensure_tag_exists(client: &SurrealClient, tag_name: &str) -> Result<()> {
    |          ^^^^^^^^^^^^^^^^^

warning: function `normalize_tag_name` is never used
   --> crates\crucible-surrealdb\src\kiln_integration.rs:810:4
    |
810 | fn normalize_tag_name(tag: &str) -> String {
    |    ^^^^^^^^^^^^^^^^^^

warning: field `received_at` is never read
   --> crates\crucible-surrealdb\src\transaction_consumer.rs:144:5
    |
141 | struct BatchableTransaction {
    |        -------------------- field in this struct
...
144 |     received_at: Instant,
    |     ^^^^^^^^^^^
    |
    = note: `BatchableTransaction` has a derived impl for the trait `Debug`, but this is 
intentionally ignored during dead code analysis

warning: field `config` is never read
   --> crates\crucible-surrealdb\src\transaction_queue.rs:262:5
    |
254 | pub struct TransactionQueue {
    |            ---------------- field in this struct
...
262 |     config: TransactionQueueConfig,
    |     ^^^^^^

warning: creating a shared reference to mutable static
   --> crates\crucible-surrealdb\src\metrics.rs:443:9
    |
443 |         GLOBAL_METRICS.as_ref().unwrap().clone()
    |         ^^^^^^^^^^^^^^^^^^^^^^^ shared reference to mutable static
    |
    = note: for more information, see 
<https://doc.rust-lang.org/edition-guide/rust-2024/static-mut-references.html>
    = note: shared references to mutable statics are dangerous; it's undefined behavior if the 
static is mutated or if a mutable reference is created for it while the shared reference lives
    = note: `#[warn(static_mut_refs)]` on by default

   Compiling crucible-tools v0.1.0 (C:\Users\Matthew\Documents\crucible\crates\crucible-tools)
   Compiling crucible-watch v0.1.0 (C:\Users\Matthew\Documents\crucible\crates\crucible-watch)
warning: unused import: `std::os::windows::fs::MetadataExt`
   --> crates\crucible-watch\src\backends\editor_backend.rs:365:21
    |
365 |                 use std::os::windows::fs::MetadataExt;
    |                     ^^^^^^^^^^^^^^^^^^^^^^^^^^^^^^^^^
    |
    = note: `#[warn(unused_imports)]` on by default

warning: unused variable: `warnings`
   --> crates\crucible-watch\src\file_scanner.rs:515:13
    |
515 |         let warnings = if cfg!(target_os = "windows") {
    |             ^^^^^^^^ help: if this is intentional, prefix it with an underscore: 
`_warnings`
    |
    = note: `#[warn(unused_variables)]` on by default

warning: unused variable: `batch_id`
   --> crates\crucible-watch\src\message_channel_infrastructure.rs:319:25
    |
319 |             if let Some(batch_id) = batch_id {
    |                         ^^^^^^^^ help: if this is intentional, prefix it with an 
underscore: `_batch_id`

   Compiling crucible-cli v0.1.0 (C:\Users\Matthew\Documents\crucible\crates\crucible-cli)
warning: unused variable: `path`
   --> crates\crucible-watch\src\backends\editor_backend.rs:183:30
    |
183 |     fn get_file_inode(&self, path: &PathBuf) -> Result<Option<u64>> {
    |                              ^^^^ help: if this is intentional, prefix it with an 
underscore: `_path`

warning: unused variable: `metadata`
   --> crates\crucible-watch\src\backends\editor_backend.rs:354:32
    |
354 |     fn get_inode_from_metadata(metadata: &std::fs::Metadata) -> Option<u64> {
    |                                ^^^^^^^^ help: if this is intentional, prefix it with an 
underscore: `_metadata`

warning: unused variable: `stored_hash`
   --> crates\crucible-watch\src\change_detector.rs:570:22
    |
570 |                 Some(stored_hash) => {
    |                      ^^^^^^^^^^^ help: if this is intentional, prefix it with an 
underscore: `_stored_hash`

warning: unused import: `std::path::Path`
 --> crates\crucible-cli\src\acp\client.rs:6:5
  |
6 | use std::path::Path;
  |     ^^^^^^^^^^^^^^^
  |
  = note: `#[warn(unused_imports)]` on by default

warning: unused imports: `ChildStdin` and `ChildStdout`
 --> crates\crucible-cli\src\acp\client.rs:9:29
  |
9 | use tokio::process::{Child, ChildStdin, ChildStdout, Command};
  |                             ^^^^^^^^^^  ^^^^^^^^^^^

warning: unused imports: `error` and `warn`
  --> crates\crucible-cli\src\acp\client.rs:11:22
   |
11 | use tracing::{debug, error, info, warn};
   |                      ^^^^^        ^^^^

warning: unused import: `error`
 --> crates\crucible-cli\src\commands\chat.rs:8:15
  |
8 | use tracing::{error, info};
  |               ^^^^^

warning: unused variable: `core`
   --> crates\crucible-cli\src\commands\chat.rs:123:5
    |
123 |     core: Arc<CrucibleCoreFacade>,
    |     ^^^^ help: if this is intentional, prefix it with an underscore: `_core`
    |
    = note: `#[warn(unused_variables)]` on by default

warning: unused variable: `client`
   --> crates\crucible-cli\src\commands\chat.rs:124:5
    |
124 |     client: &CrucibleAcpClient,
    |     ^^^^^^ help: if this is intentional, prefix it with an underscore: `_client`

warning: unused variable: `no_context`
   --> crates\crucible-cli\src\commands\chat.rs:126:5
    |
126 |     no_context: bool,
    |     ^^^^^^^^^^ help: if this is intentional, prefix it with an underscore: `_no_context`

warning: unused variable: `context_size`
   --> crates\crucible-cli\src\commands\chat.rs:127:5
    |
127 |     context_size: Option<usize>,
    |     ^^^^^^^^^^^^ help: if this is intentional, prefix it with an underscore: 
`_context_size`

warning: variable does not need to be mutable
   --> crates\crucible-cli\src\commands\chat.rs:131:9
    |
131 |     let mut current_mode = initial_mode;
    |         ----^^^^^^^^^^^^
    |         |
    |         help: remove this `mut`
    |
    = note: `#[warn(unused_mut)]` on by default

warning: methods `file_info_to_hash_info` and `hash_info_to_file_info` are never used
   --> crates\crucible-watch\src\change_detector.rs:184:8
    |
130 | impl ChangeDetector {
    | ------------------- methods in this implementation
...
184 |     fn file_info_to_hash_info(&self, file_info: &FileInfo) -> FileHashInfo {
    |        ^^^^^^^^^^^^^^^^^^^^^^
...
198 |     fn hash_info_to_file_info(&self, file_hash_info: FileHashInfo, root_path: &Path) -> 
FileInfo {
    |        ^^^^^^^^^^^^^^^^^^^^^^
    |
    = note: `#[warn(dead_code)]` on by default

warning: field `name` is never read
  --> crates\crucible-watch\src\handlers\composite.rs:61:5
   |
59 | pub struct HandlerState {
   |            ------------ field in this struct
60 |     /// Handler name
61 |     name: String,
   |     ^^^^
   |
   = note: `HandlerState` has derived impls for the traits `Clone` and `Debug`, but these are 
intentionally ignored during dead code analysis

warning: field `processing_events` is never read
  --> crates\crucible-watch\src\message_channel_infrastructure.rs:52:5
   |
41 | struct ChannelState {
   |        ------------ field in this struct
...
52 |     processing_events: HashMap<uuid::Uuid, Instant>,
   |     ^^^^^^^^^^^^^^^^^
   |
   = note: `ChannelState` has a derived impl for the trait `Debug`, but this is intentionally 
ignored during dead code analysis

warning: missing documentation for a struct field
  --> crates\crucible-watch\src\error.rs:62:23
   |
62 |     ValidationError { field: String, message: String },
   |                       ^^^^^^^^^^^^^
   |
note: the lint level is defined here
  --> crates\crucible-watch\src\lib.rs:38:9
   |
38 | #![warn(missing_docs)]
   |         ^^^^^^^^^^^^

warning: missing documentation for a struct field
  --> crates\crucible-watch\src\error.rs:62:38
   |
62 |     ValidationError { field: String, message: String },
   |                                      ^^^^^^^^^^^^^^^

warning: missing documentation for a struct field
  --> crates\crucible-watch\src\error.rs:67:9
   |
67 |         path: std::path::PathBuf,
   |         ^^^^^^^^^^^^^^^^^^^^^^^^

warning: missing documentation for a struct field
  --> crates\crucible-watch\src\error.rs:68:9
   |
68 |         error: String,
   |         ^^^^^^^^^^^^^

warning: missing documentation for a struct field
   --> crates\crucible-watch\src\types.rs:913:5
    |
913 |     pub total_files: usize,
    |     ^^^^^^^^^^^^^^^^^^^^^^

warning: missing documentation for a struct field
   --> crates\crucible-watch\src\types.rs:914:5
    |
914 |     pub successful_files: usize,
    |     ^^^^^^^^^^^^^^^^^^^^^^^^^^^

warning: missing documentation for a struct field
   --> crates\crucible-watch\src\types.rs:915:5
    |
915 |     pub skipped_files: usize,
    |     ^^^^^^^^^^^^^^^^^^^^^^^^

warning: missing documentation for a struct field
   --> crates\crucible-watch\src\types.rs:916:5
    |
916 |     pub error_count: usize,
    |     ^^^^^^^^^^^^^^^^^^^^^^

warning: missing documentation for a struct field
   --> crates\crucible-watch\src\types.rs:917:5
    |
917 |     pub scan_duration: std::time::Duration,
    |     ^^^^^^^^^^^^^^^^^^^^^^^^^^^^^^^^^^^^^^

warning: missing documentation for a struct field
   --> crates\crucible-watch\src\types.rs:918:5
    |
918 |     pub total_size: u64,
    |     ^^^^^^^^^^^^^^^^^^^

warning: missing documentation for a struct field
   --> crates\crucible-watch\src\types.rs:919:5
    |
919 |     pub success_rate: f64,
    |     ^^^^^^^^^^^^^^^^^^^^^

warning: missing documentation for a struct field
   --> crates\crucible-watch\src\types.rs:925:5
    |
925 |     pub path: PathBuf,
    |     ^^^^^^^^^^^^^^^^^

warning: missing documentation for a struct field
   --> crates\crucible-watch\src\types.rs:926:5
    |
926 |     pub reason: SkipType,
    |     ^^^^^^^^^^^^^^^^^^^^

warning: missing documentation for a struct field
   --> crates\crucible-watch\src\types.rs:951:5
    |
951 |     pub path: PathBuf,
    |     ^^^^^^^^^^^^^^^^^

warning: missing documentation for a struct field
   --> crates\crucible-watch\src\types.rs:952:5
    |
952 |     pub error_type: ScanErrorType,
    |     ^^^^^^^^^^^^^^^^^^^^^^^^^^^^^

warning: missing documentation for a struct field
   --> crates\crucible-watch\src\types.rs:953:5
    |
953 |     pub message: String,
    |     ^^^^^^^^^^^^^^^^^^^

warning: unused variable: `format`
   --> crates\crucible-cli\src\commands\storage.rs:335:5
    |
335 |     format: String,
    |     ^^^^^^ help: if this is intentional, prefix it with an underscore: `_format`

warning: unused variable: `backup_data`
   --> crates\crucible-cli\src\commands\storage.rs:350:9
    |
350 |     let backup_data: serde_json::Value =
    |         ^^^^^^^^^^^ help: if this is intentional, prefix it with an underscore: 
`_backup_data`

warning: unused variable: `storage`
   --> crates\crucible-cli\src\commands\storage.rs:359:9
    |
359 |     let storage = create_storage_backend(&config)?;
    |         ^^^^^^^ help: if this is intentional, prefix it with an underscore: `_storage`

warning: unused variable: `storage`
   --> crates\crucible-cli\src\commands\storage.rs:397:5
    |
397 |     storage: &Arc<dyn ContentAddressedStorage>,
    |     ^^^^^^^ help: if this is intentional, prefix it with an underscore: `_storage`

warning: unused variable: `storage`
   --> crates\crucible-cli\src\commands\storage.rs:413:5
    |
413 |     storage: &Arc<dyn ContentAddressedStorage>,
    |     ^^^^^^^ help: if this is intentional, prefix it with an underscore: `_storage`

warning: unused variable: `storage`
   --> crates\crucible-cli\src\commands\storage.rs:421:5
    |
421 |     storage: &Arc<dyn ContentAddressedStorage>,
    |     ^^^^^^^ help: if this is intentional, prefix it with an underscore: `_storage`

warning: unused variable: `show_unchanged`
   --> crates\crucible-cli\src\commands\diff.rs:195:56
    |
195 | fn output_plain_format(changes: &[EnhancedTreeChange], show_unchanged: bool) {
    |                                                        ^^^^^^^^^^^^^^ help: if this is 
intentional, prefix it with an underscore: `_show_unchanged`

warning: unused variable: `show_unchanged`
   --> crates\crucible-cli\src\commands\diff.rs:323:5
    |
323 |     show_unchanged: bool,
    |     ^^^^^^^^^^^^^^ help: if this is intentional, prefix it with an underscore: 
`_show_unchanged`

warning: `crucible-surrealdb` (lib) generated 15 warnings (run `cargo fix --lib -p 
crucible-surrealdb` to apply 4 suggestions)
warning: unused variable: `by_backend`
   --> crates\crucible-cli\src\commands\storage.rs:430:45
    |
430 | fn output_stats_table(stats: &StorageStats, by_backend: bool, deduplication: bool) -> 
Result<()> {
    |                                             ^^^^^^^^^^ help: if this is intentional, 
prefix it with an underscore: `_by_backend`

warning: unused variable: `deduplication`
   --> crates\crucible-cli\src\commands\storage.rs:430:63
    |
430 | fn output_stats_table(stats: &StorageStats, by_backend: bool, deduplication: bool) -> 
Result<()> {
    |                                                               ^^^^^^^^^^^^^ help: if 
this is intentional, prefix it with an underscore: `_deduplication`

warning: function `print_enriched_prompt` is never used
   --> crates\crucible-cli\src\commands\chat.rs:170:4
    |
170 | fn print_enriched_prompt(prompt: &str) {
    |    ^^^^^^^^^^^^^^^^^^^^^
    |
    = note: `#[warn(dead_code)]` on by default

warning: function `format_bytes` is never used
   --> crates\crucible-cli\src\commands\diff.rs:439:4
    |
439 | fn format_bytes(bytes: u64) -> String {
    |    ^^^^^^^^^^^^

warning: function `extract_snippet` is never used
   --> crates\crucible-cli\src\commands\search.rs:515:4
    |
515 | fn extract_snippet(content: &str, query: &str, include_full: bool) -> String {
    |    ^^^^^^^^^^^^^^^

warning: function `calculate_relevance_score` is never used
   --> crates\crucible-cli\src\commands\search.rs:544:4
    |
544 | fn calculate_relevance_score(content: &str, query_lower: &str) -> f64 {
    |    ^^^^^^^^^^^^^^^^^^^^^^^^^

warning: `crucible-watch` (lib) generated 25 warnings (run `cargo fix --lib -p crucible-watch` 
to apply 1 suggestion)
warning: `crucible-cli` (lib) generated 23 warnings (run `cargo fix --lib -p crucible-cli` to 
apply 5 suggestions)
warning: unused import: `Level`
 --> crates\crucible-cli\src\main.rs:4:41
  |
4 | use tracing::{debug, error, info, warn, Level};
  |                                         ^^^^^
  |
  = note: `#[warn(unused_imports)]` on by default

warning: unused import: `types::hashing::HashAlgorithm`
  --> crates\crucible-cli\src\main.rs:10:21
   |
10 | use crucible_core::{types::hashing::HashAlgorithm, CrucibleCore};
   |                     ^^^^^^^^^^^^^^^^^^^^^^^^^^^^^

warning: unused variable: `timeout_err`
  --> crates\crucible-cli\src\main.rs:95:25
   |
95 |                     Err(timeout_err) => {
   |                         ^^^^^^^^^^^ help: if this is intentional, prefix it with an 
underscore: `_timeout_err`
   |
   = note: `#[warn(unused_variables)]` on by default

warning: `crucible-cli` (bin "cru") generated 3 warnings (run `cargo fix --bin "cru"` to apply 
2 suggestions)
    Finished `dev` profile [unoptimized + debuginfo] target(s) in 2m 23s
