cargo :  Downloading crates ...
At line:1 char:51
+ ... rogram Files\LLVM\bin"; cargo test --workspace > test_output.txt 2>&1
+                             ~~~~~~~~~~~~~~~~~~~~~~~~~~~~~~~~~~~~~~~~~~~~~
    + CategoryInfo          : NotSpecified: ( Downloading crates ...:String) [], RemoteExcep 
   tion
    + FullyQualifiedErrorId : NativeCommandError
 
  Downloaded nanorand v0.7.0
  Downloaded sdd v3.0.10
  Downloaded serial_test_derive v3.2.0
  Downloaded criterion-plot v0.5.0
  Downloaded notify-debouncer-full v0.5.0
  Downloaded is-terminal v0.4.17
  Downloaded serial_test v3.2.0
  Downloaded criterion v0.5.1
  Downloaded scc v2.4.0
   Compiling futures-util v0.3.31
   Compiling getrandom v0.2.16
   Compiling const-random-macro v0.1.16
   Compiling const-random v0.1.18
   Compiling ring v0.17.14
   Compiling dlv-list v0.5.2
   Compiling idna v1.1.0
   Compiling rand_core v0.6.4
   Compiling ordered-multimap v0.7.3
   Compiling url v2.5.7
   Compiling rust-ini v0.21.3
   Compiling rand_chacha v0.3.1
   Compiling bindgen v0.72.1
   Compiling clang-sys v1.8.1
   Compiling config v0.15.18
   Compiling rand v0.8.5
   Compiling password-hash v0.5.0
   Compiling spin v0.9.8
   Compiling ammonia v4.1.2
   Compiling bcrypt v0.15.1
   Compiling pbkdf2 v0.12.2
   Compiling linfa-linalg v0.1.0
   Compiling ndarray-stats v0.5.1
   Compiling argon2 v0.5.3
   Compiling nanoid v0.4.0
   Compiling plotters-backend v0.3.7
   Compiling scrypt v0.11.0
   Compiling cast v0.3.0
   Compiling tinytemplate v1.2.1
   Compiling anes v0.1.6
   Compiling oorandom v11.1.5
   Compiling sdd v3.0.10
   Compiling serial_test_derive v3.2.0
   Compiling plotters-svg v0.3.7
   Compiling criterion-plot v0.6.0
   Compiling tracing-test-macro v0.2.5
   Compiling scc v2.4.0
   Compiling plotters v0.3.7
   Compiling proc-macro-error-attr2 v2.0.0
   Compiling tungstenite v0.28.0
   Compiling nanorand v0.7.0
   Compiling colored v3.0.0
   Compiling futures-executor v0.3.31
   Compiling rustls-webpki v0.103.7
   Compiling hyper-util v0.1.17
   Compiling tower v0.5.2
   Compiling multer v3.1.0
   Compiling futures v0.3.31
   Compiling crucible-parser v0.1.0 
(C:\Users\Matthew\Documents\crucible\crates\crucible-parser)
   Compiling object_store v0.12.4
   Compiling jsonwebtoken v9.3.1
   Compiling async-graphql v7.0.17
   Compiling rustls v0.23.33
   Compiling tower-http v0.6.6
   Compiling serial_test v3.2.0
   Compiling hyper-tls v0.6.0
   Compiling agent-client-protocol v0.6.0
   Compiling wiremock v0.6.5
   Compiling criterion v0.7.0
   Compiling proc-macro-error2 v2.0.1
   Compiling tracing-test v0.2.5
   Compiling file-id v0.2.3
   Compiling bit-vec v0.8.0
   Compiling quick-error v1.2.3
   Compiling notify-debouncer-full v0.5.0
   Compiling bit-set v0.8.0
   Compiling validator_derive v0.20.0
   Compiling rusty-fork v0.3.1
   Compiling mockito v1.7.0
   Compiling tokio-tungstenite v0.28.0
   Compiling flume v0.11.1
   Compiling criterion-plot v0.5.0
   Compiling crucible-merkle v0.1.0 
(C:\Users\Matthew\Documents\crucible\crates\crucible-merkle)
   Compiling rand_xorshift v0.4.0
   Compiling is-terminal v0.4.17
   Compiling unarray v0.1.4
   Compiling fixedbitset v0.5.7
   Compiling criterion v0.5.1
   Compiling crucible-sync v0.1.0 (C:\Users\Matthew\Documents\crucible\crates\crucible-sync)
   Compiling proptest v1.9.0
   Compiling crucible-config v0.1.0 
(C:\Users\Matthew\Documents\crucible\crates\crucible-config)
   Compiling crucible-a2a v0.1.0 (C:\Users\Matthew\Documents\crucible\crates\crucible-a2a)
warning: unused import: `ListType`
   --> crates\crucible-parser\src\block_hasher.rs:228:38
    |
228 |     use crate::types::{ASTBlockType, ListType};
    |                                      ^^^^^^^^
    |
    = note: `#[warn(unused_imports)]` on by default

   Compiling crucible-core v0.1.0 (C:\Users\Matthew\Documents\crucible\crates\crucible-core)
   Compiling validator v0.20.0
warning: unused variable: `errors`
   --> crates\crucible-parser\src\enhanced_tags.rs:611:13
    |
611 |         let errors = extension.parse(content, &mut doc_content).await;
    |             ^^^^^^ help: if this is intentional, prefix it with an underscore: 
`_errors`
    |
    = note: `#[warn(unused_variables)]` on by default

   Compiling tokio-rustls v0.26.4
   Compiling hyper-rustls v0.27.7
   Compiling reqwest v0.12.24
   Compiling ureq v2.12.1
   Compiling librocksdb-sys v0.17.3+10.4.2
   Compiling tungstenite v0.23.0
   Compiling hf-hub v0.4.3
   Compiling fastembed v5.2.0
   Compiling tokio-tungstenite v0.23.1
warning: unused variable: `parsed`
   --> crates\crucible-parser\tests\wikilink_edge_cases.rs:131:9
    |
131 |     let parsed = parse_note(content, "test.md").await.unwrap();
    |         ^^^^^^ help: if this is intentional, prefix it with an underscore: `_parsed`
    |
    = note: `#[warn(unused_variables)]` on by default

warning: unused variable: `updates`
   --> crates\crucible-sync\src\note.rs:178:13
    |
178 |         let updates = doc1.get_updates_since(sv.clone()).await.unwrap();
    |             ^^^^^^^ help: if this is intentional, prefix it with an underscore: 
`_updates`
    |
    = note: `#[warn(unused_variables)]` on by default

warning: unused import: `crucible_parser::types::ParsedNote`
 --> crates\crucible-parser\tests\heading_hierarchy.rs:7:5
  |
7 | use crucible_parser::types::ParsedNote;
  |     ^^^^^^^^^^^^^^^^^^^^^^^^^^^^^^^^^^
  |
  = note: `#[warn(unused_imports)]` on by default

warning: unused import: `PathBuf`
 --> crates\crucible-parser\tests\heading_hierarchy.rs:8:23
  |
8 | use std::path::{Path, PathBuf};
  |                       ^^^^^^^

warning: unused variable: `storage_builder`
   --> crates\crucible-core\src\parser\storage_bridge.rs:274:9
    |
274 |         storage_builder: &ContentAddressedStorageBuilder,
    |         ^^^^^^^^^^^^^^^ help: if this is intentional, prefix it with an underscore: 
`_storage_builder`
    |
    = note: `#[warn(unused_variables)]` on by default

warning: `crucible-parser` (test "wikilink_edge_cases") generated 1 warning
warning: `crucible-parser` (test "heading_hierarchy") generated 2 warnings (run `cargo fix 
--test "heading_hierarchy"` to apply 2 suggestions)
warning: unused import: `tokio::fs`
   --> crates\crucible-core\src\hashing\file_hasher.rs:300:9
    |
300 |     use tokio::fs;
    |         ^^^^^^^^^
    |
    = note: `#[warn(unused_imports)]` on by default

warning: unused import: `std::collections::HashMap`
   --> crates\crucible-core\src\hashing\sha256.rs:129:9
    |
129 |     use std::collections::HashMap;
    |         ^^^^^^^^^^^^^^^^^^^^^^^^^

warning: variable does not need to be mutable
   --> crates\crucible-merkle\src\thread_safe.rs:411:13
    |
411 |         let mut guard = tree.write();
    |             ----^^^^^
    |             |
    |             help: remove this `mut`
    |
    = note: `#[warn(unused_mut)]` on by default

warning: `crucible-sync` (lib test) generated 1 warning
warning: `crucible-parser` (lib test) generated 2 warnings (run `cargo fix --lib -p 
crucible-parser --tests` to apply 1 suggestion)
   Compiling crucible-enrichment v0.1.0 
(C:\Users\Matthew\Documents\crucible\crates\crucible-enrichment)
warning: `crucible-merkle` (lib test) generated 1 warning (run `cargo fix --lib -p 
crucible-merkle --tests` to apply 1 suggestion)
   Compiling crucible-llm v0.1.0 (C:\Users\Matthew\Documents\crucible\crates\crucible-llm)
   Compiling crucible-pipeline v0.1.0 
(C:\Users\Matthew\Documents\crucible\crates\crucible-pipeline)
warning: unused variable: `idx`
   --> crates\crucible-pipeline\src\note_pipeline.rs:228:14
    |
228 |         for (idx, section) in diff.changed_sections.iter().enumerate() {
    |              ^^^ help: if this is intentional, prefix it with an underscore: `_idx`
    |
    = note: `#[warn(unused_variables)]` on by default

warning: `crucible-pipeline` (lib) generated 1 warning
warning: unused variable: `block`
    --> crates\crucible-core\src\hashing\block_hasher.rs:1522:23
     |
1522 |             .map(|(i, block)| {
     |                       ^^^^^ help: if this is intentional, prefix it with an 
underscore: `_block`
     |
     = note: `#[warn(unused_variables)]` on by default

warning: unused variable: `i`
    --> crates\crucible-core\src\hashing\block_hasher.rs:1676:14
     |
1676 |         for (i, (hashed_block, original_block)) in
     |              ^ help: if this is intentional, prefix it with an underscore: `_i`

warning: unused variable: `block`
    --> crates\crucible-core\src\hashing\block_hasher.rs:1823:17
     |
1823 |         for (i, block) in blocks.iter().enumerate() {
     |                 ^^^^^ help: if this is intentional, prefix it with an underscore: 
`_block`

warning: unused variable: `is_valid`
    --> crates\crucible-core\src\hashing\block_hasher.rs:1824:17
     |
1824 |             let is_valid = hasher
     |                 ^^^^^^^^ help: if this is intentional, prefix it with an underscore: 
`_is_valid`

warning: unused variable: `coordinator`
    --> crates\crucible-core\src\parser\coordinator.rs:1086:13
     |
1086 |         let coordinator = factory::create_coordinator_with_config(
     |             ^^^^^^^^^^^ help: if this is intentional, prefix it with an underscore: 
`_coordinator`

warning: unused variable: `storage_builder`
   --> crates\crucible-core\src\parser\storage_bridge.rs:274:9
    |
274 |         storage_builder: &ContentAddressedStorageBuilder,
    |         ^^^^^^^^^^^^^^^ help: if this is intentional, prefix it with an underscore: 
`_storage_builder`

warning: `crucible-core` (lib) generated 1 warning
warning: unused variable: `change_detector`
   --> crates\crucible-pipeline\tests\pipeline_integration_tests.rs:433:20
    |
433 |     let (pipeline, change_detector, _merkle_store, enrichment_service, storage) =
    |                    ^^^^^^^^^^^^^^^ help: if this is intentional, prefix it with an 
underscore: `_change_detector`
    |
    = note: `#[warn(unused_variables)]` on by default

warning: unused variable: `change_detector`
   --> crates\crucible-pipeline\tests\pipeline_integration_tests.rs:478:20
    |
478 |     let (pipeline, change_detector, _merkle_store, enrichment_service, storage) =
    |                    ^^^^^^^^^^^^^^^ help: if this is intentional, prefix it with an 
underscore: `_change_detector`

warning: unused variable: `merkle_store`
   --> crates\crucible-pipeline\tests\pipeline_integration_tests.rs:655:38
    |
655 |     let (pipeline, _change_detector, merkle_store, enrichment_service, storage) =
    |                                      ^^^^^^^^^^^^ help: if this is intentional, prefix 
it with an underscore: `_merkle_store`

warning: unused variable: `storage`
   --> crates\crucible-pipeline\tests\pipeline_integration_tests.rs:655:72
    |
655 |     let (pipeline, _change_detector, merkle_store, enrichment_service, storage) =
    |                                                                        ^^^^^^^ help: 
if this is intentional, prefix it with an underscore: `_storage`

warning: unused variable: `storage`
   --> crates\crucible-pipeline\tests\pipeline_integration_tests.rs:696:72
    |
696 |     let (pipeline, _change_detector, merkle_store, enrichment_service, storage) =
    |                                                                        ^^^^^^^ help: 
if this is intentional, prefix it with an underscore: `_storage`

warning: unused variable: `initial_enrich_count`
   --> crates\crucible-pipeline\tests\pipeline_integration_tests.rs:711:9
    |
711 |     let initial_enrich_count = enrichment_service.enrich_with_tree_count();
    |         ^^^^^^^^^^^^^^^^^^^^ help: if this is intentional, prefix it with an 
underscore: `_initial_enrich_count`

warning: methods `set_simulate_errors`, `add_file_state`, and `clear` are never used
  --> crates\crucible-pipeline\tests\pipeline_integration_tests.rs:46:8
   |
35 | impl MockChangeDetectionStore {
   | ----------------------------- methods in this implementation
...
46 |     fn set_simulate_errors(&self, enabled: bool, message: &str) {
   |        ^^^^^^^^^^^^^^^^^^^
...
52 |     fn add_file_state(&self, path: &str, file_state: FileState) {
   |        ^^^^^^^^^^^^^^
...
57 |     fn clear(&self) {
   |        ^^^^^
   |
   = note: `#[warn(dead_code)]` on by default

warning: methods `set_simulate_errors`, `add_tree`, and `clear` are never used
   --> crates\crucible-pipeline\tests\pipeline_integration_tests.rs:138:8
    |
127 | impl MockMerkleStore {
    | -------------------- methods in this implementation
...
138 |     fn set_simulate_errors(&self, enabled: bool, message: &str) {
    |        ^^^^^^^^^^^^^^^^^^^
...
144 |     fn add_tree(&self, id: &str, tree: HybridMerkleTree) {
    |        ^^^^^^^^
...
149 |     fn clear(&self) {
    |        ^^^^^

warning: method `clear` is never used
   --> crates\crucible-pipeline\tests\pipeline_integration_tests.rs:268:8
    |
242 | impl MockEnrichedNoteStore {
    | -------------------------- method in this implementation
...
268 |     fn clear(&self) {
    |        ^^^^^

warning: unused variable: `now`
    --> crates\crucible-core\src\storage\eav_graph_traits.rs:1425:13
     |
1425 |         let now = Utc::now();
     |             ^^^ help: if this is intentional, prefix it with an underscore: `_now`

warning: unused variable: `hasher`
   --> crates\crucible-core\src\storage\merkle.rs:779:13
    |
779 |         let hasher = MockHasher::new();
    |             ^^^^^^ help: if this is intentional, prefix it with an underscore: 
`_hasher`

warning: unused variable: `hasher`
    --> crates\crucible-core\src\storage\merkle.rs:1102:13
     |
1102 |         let hasher = MockHasher::new();
     |             ^^^^^^ help: if this is intentional, prefix it with an underscore: 
`_hasher`

warning: unused variable: `blocks2`
    --> crates\crucible-core\src\storage\merkle.rs:1156:13
     |
1156 |         let blocks2: Vec<HashedBlock> = vec![]; // Empty
     |             ^^^^^^^ help: if this is intentional, prefix it with an underscore: 
`_blocks2`

warning: field `name` is never read
   --> crates\crucible-core\src\storage\builder.rs:561:9
    |
560 |     struct MockStorageBackend {
    |            ------------------ field in this struct
561 |         name: String,
    |         ^^^^
    |
    = note: `MockStorageBackend` has a derived impl for the trait `Debug`, but this is 
intentionally ignored during dead code analysis
    = note: `#[warn(dead_code)]` on by default

warning: comparison is useless due to type limits
  --> crates\crucible-core\src\crdt.rs:51:17
   |
51 |         assert!(manager.get_document().client_id() >= 0);
   |                 ^^^^^^^^^^^^^^^^^^^^^^^^^^^^^^^^^^^^^^^
   |
   = note: `#[warn(unused_comparisons)]` on by default

warning: comparison is useless due to type limits
  --> crates\crucible-core\src\crdt.rs:57:17
   |
57 |         assert!(manager.get_document().client_id() >= 0);
   |                 ^^^^^^^^^^^^^^^^^^^^^^^^^^^^^^^^^^^^^^^

warning: comparison is useless due to type limits
    --> crates\crucible-core\src\storage\memory.rs:1447:17
     |
1447 |         assert!(evicted_count >= 0);
     |                 ^^^^^^^^^^^^^^^^^^

error[E0599]: no method named `unwrap` found for opaque type `impl Future<Output = 
Result<ParsedNote, Box<(dyn std::error::Error + 'static)>>>` in the current scope
   --> crates\crucible-enrichment\tests\enrichment_algorithms_tests.rs:145:49
    |
145 |     let parsed = parse_note(content, "test.md").unwrap();
    |                                                 ^^^^^^ method not found in `impl 
Future<Output = Result<ParsedNote, Box<(dyn std::error::Error + 'static)>>>`
    |
help: consider `await`ing on the `Future` and calling the method on its `Output`
    |
145 |     let parsed = parse_note(content, "test.md").await.unwrap();
    |                                                 ++++++

error[E0599]: no function or associated item named `from_parsed_note` found for struct 
`HybridMerkleTree` in the current scope
   --> crates\crucible-enrichment\tests\enrichment_algorithms_tests.rs:147:41
    |
147 |     let merkle_tree = HybridMerkleTree::from_parsed_note(&parsed).unwrap();
    |                                         ^^^^^^^^^^^^^^^^ function or associated item 
not found in `HybridMerkleTree`
    |
note: if you're trying to build a new `HybridMerkleTree` consider using one of the following 
associated functions:
      HybridMerkleTree::from_document
      HybridMerkleTree::from_document_with_config
      HybridMerkleTree::from_document_auto
   --> C:\Users\Matthew\Documents\crucible\crates\crucible-merkle\src\hybrid.rs:85:5
    |
 85 |     pub fn from_document(doc: &ParsedNote) -> Self {
    |     ^^^^^^^^^^^^^^^^^^^^^^^^^^^^^^^^^^^^^^^^^^^^^^
...
109 |     pub fn from_document_with_config(doc: &ParsedNote, config: &VirtualizationConfig) 
-> Self {
    |     
^^^^^^^^^^^^^^^^^^^^^^^^^^^^^^^^^^^^^^^^^^^^^^^^^^^^^^^^^^^^^^^^^^^^^^^^^^^^^^^^^^^^^^^^^
...
152 |     pub fn from_document_auto(doc: &ParsedNote) -> Self {
    |     ^^^^^^^^^^^^^^^^^^^^^^^^^^^^^^^^^^^^^^^^^^^^^^^^^^^

error[E0609]: no field `blocks` on type `ParsedNote`
   --> crates\crucible-enrichment\tests\enrichment_algorithms_tests.rs:155:30
    |
155 |     assert!(!enriched.parsed.blocks.is_empty());
    |                              ^^^^^^ unknown field
    |
    = note: available fields are: `path`, `frontmatter`, `wikilinks`, `tags`, `inline_links` 
... and 11 others

Some errors have detailed explanations: E0599, E0609.
For more information about an error, try `rustc --explain E0599`.
error: could not compile `crucible-enrichment` (test "enrichment_algorithms_tests") due to 3 
previous errors
warning: build failed, waiting for other jobs to finish...
warning: `crucible-pipeline` (test "pipeline_integration_tests") generated 9 warnings
warning: `crucible-core` (lib test) generated 16 warnings (run `cargo fix --lib -p 
crucible-core --tests` to apply 2 suggestions)
