---
source: crates/crucible-cli/src/tui/render_tests.rs
expression: render_state(&state)
---
┌Streaming─────────────────────────────────────────────────────────────────────┐
│                                                                              │
│                                                                              │
│                                                                              │
│                                                                              │
│                                                                              │
│                                                                              │
│                                                                              │
│                                                                              │
│                                                                              │
│                                                                              │
│                                                                              │
│                                                                              │
│                                                                              │
│                                                                              │
│                                                                              │
│                                                                              │
│                                                                              │
│                                                                              │
└──────────────────────────────────────────────────────────────────────────────┘
┌Input─────────────────────────────────────────────────────────────────────────┐
│[Plan] > This is a longer input that might test wrapping behavior             │
└──────────────────────────────────────────────────────────────────────────────┘
Mode: Plan │ Ready
