---
source: crates/crucible-cli/src/tui/render_tests.rs
expression: render_state(&state)
---
┌Streaming─────────────────────────────────────────────────────────────────────┐
│                                                                              │
│                                                                              │
│                                                                              │
│                                                                              │
│                                                                              │
│                                                                              │
│                                                                              │
│                                                                              │
│                                                                              │
│                                                                              │
│                                                                              │
│                                                                              │
│                                                                              │
│                                                                              │
│                                                                              │
│                                                                              │
│                                                                              │
│                                                                              │
└──────────────────────────────────────────────────────────────────────────────┘
┌Input─────────────────────────────────────────────────────────────────────────┐
│[Plan] > Hello 世 界  🚀                                                         │
└──────────────────────────────────────────────────────────────────────────────┘
Mode: Plan │ Ready
