---
source: crates/crucible-cli/src/tui/render_tests.rs
expression: render_state(&state)
---
┌Streaming─────────────────────────────────────────────────────────────────────┐
│                                                                              │
│                                                                              │
│                                                                              │
│                                                                              │
│                                                                              │
│                                                                              │
│                                                                              │
│                                                                              │
│                                                                              │
│                                                                              │
│                                                                              │
│                                                                              │
│                                                                              │
│                                                                              │
│                                                                              │
│                                                                              │
│                                                                              │
│                                                                              │
└──────────────────────────────────────────────────────────────────────────────┘
┌Input─────────────────────────────────────────────────────────────────────────┐
│[Plan] >                                                                      │
└──────────────────────────────────────────────────────────────────────────────┘
Mode: Plan │ ⚠ Error: Connection timeout
