---
source: crates/crucible-cli/src/tui/render_tests.rs
expression: render_state(&state)
---
┌Streaming─────────────────────────────────────────────────────────────────────┐
│Assistant: Processing your request... ▋                                       │
│                                                                              │
│                                                                              │
│                                                                              │
│                                                                              │
│                                                                              │
│                                                                              │
│                                                                              │
│                                                                              │
│                                                                              │
│                                                                              │
│                                                                              │
│                                                                              │
│                                                                              │
│                                                                              │
│                                                                              │
│                                                                              │
│                                                                              │
└──────────────────────────────────────────────────────────────────────────────┘
┌Input─────────────────────────────────────────────────────────────────────────┐
│[Act] > my question                                                           │
└──────────────────────────────────────────────────────────────────────────────┘
Mode: Act │ Ready
