---
source: crates/crucible-cli/src/tui/testing/table_tests.rs
expression: h.render()
---
                                                  
 > Show packages                                  
                                                  
 ● Here are the packages:                         
                                                  
   ┌───────┬──────────────┬───────┬──────────┐    
   │ Packa │ Description  │ Versi │ License  │    
   │ ge    │              │ on    │          │    
   ├───────┼──────────────┼───────┼──────────┤    
   │ serde │ Serializatio │ 1.0.1 │ MIT/Apac │    
   │       │ n framework  │ 95    │ he-2.0   │    
   ├───────┼──────────────┼───────┼──────────┤    
   │ tokio │ Async        │ 1.35. │ MIT      │    
   │       │ runtime for  │ 1     │          │    
   │       │ Rust         │       │          │    
   ├───────┼──────────────┼───────┼──────────┤    
   │ clap  │ Command line │ 4.4.1 │ MIT/Apac │    
   │       │ parser       │ 2     │ he-2.0   │    
   └───────┴──────────────┴───────┴──────────┘    
                                                  
                                                  
 >                                                
                                                  
▸ Plan │ ollama/llama3.2 │ Ready
