---
source: crates/crucible-cli/src/tui/testing/inline_viewport_tests.rs
expression: h.render()
---
┌ Viewport ────────────────────────────────────────────────┐
│                                                          │
│ > Show me some code                                      │
│                                                          │
│ ● Here's an example:                                     │
│   fn main() {                                            │
│       println!("Hello");                                 │
│   }                                                      │
│   This prints Hello.                                     │
│                                                          │
│                                                          │
│ >                                                        │
│                                                          │
│▸ Plan │ Ready                                            │
│                                                          │
│                                                          │
│                                                          │
│                                                          │
│                                                          │
└──────────────────────────────────────────────────────────┘
