---
source: crates/crucible-cli/src/tui/testing/table_tests.rs
expression: h.render()
---
                                                                                
                                                                                
                                                                                
                                                                                
 > Explain the struct and show options                                          
                                                                                
 ● The struct has these fields:                                                 
                                                                                
   │Field│ Type │Default│                                                       
   ├─────┼──────┼───────┤                                                       
   │name │String│""     │                                                       
   │count│u32   │0      │                                                       
                                                                                
   Here's how to use it:                                                        
   let item = Item {                                                            
       name: "test".into(),                                                     
       count: 42,                                                               
   };                                                                           
   This creates an Item with custom values.                                     
                                                                                
                                                                                
 >                                                                              
                                                                                
▸ Plan │ Ready
