---
source: crates/crucible-cli/src/tui/testing/tool_call_tests.rs
expression: render_conversation(&state)
---
                                                                                
 > Search the codebase                                                          
                                                                                
 ● I'll search for that.                                                        
                                                                                
 ● grep
