---
source: crates/crucible-cli/src/tui/testing/repl_command_tests.rs
expression: h.render()
---
                                                                                
                                                                                
> quit Exit the application                                                     
  help Show help                                                                
  palette Open command palette                                                  
  write Export conversation to file                                             
  rename Rename current session ↓                                               
                                                                                
 >                                                                              
                                                                                
▸ Plan │ ollama/llama3.2 │ Ready
