---
source: crates/crucible-cli/src/tui/testing/e2e_flow_tests.rs
expression: h.render()
---
                                                                                
 > Hello                                                                        
                                                                                
 ● Hi! How can I help?                                                          
                                                                                
 ● I was responding when                                                        
                                                                                
                                                                                
 >                                                                              
                                                                                
▸ Plan │ ollama/llama3.2 │ Ready
