---
source: crates/crucible-cli/src/tui/testing/tool_call_tests.rs
expression: render_conversation(&state)
---
                                                                                
                                                                                
                                                                                
                                                                                
                                                                                
                                                                                
                                                                                
                                                                                
                                                                                
                                                                                
                                                                                
                                                                                
                                                                                
                                                                                
                                                                                
                                                                                
                                                                                
                                                                                
                                                                                
 > Find TODO comments                                                           
                                                                                
 ● grep                                                                         
    src/main.rs:42: TODO: fix this                                              
    src/lib.rs:17: TODO: optimize
