---
source: crates/crucible-cli/src/tui/testing/e2e_flow_tests.rs
expression: h.full_state()
---
                                                                                
                                                                                
                                                                                
 > hi!                                                                          
                                                                                
 ● Hello! I'm Claude.                                                           
                                                                                
   I can help you with:                                                         
   ● read_file(path="README.md") → # Crucible README                            
   - Project architecture                                                       
                                                                                
                                                                                
 >                                                                              
                                                                                
▸ Plan │ ollama/llama3.2 │ Ready
