---
source: crates/crucible-cli/src/tui/testing/table_tests.rs
expression: h.render()
---
                                                                                
                                                                                
                                                                                
                                                                                
                                                                                
                                                                                
                                                                                
                                                                                
                                                                                
                                                                                
 > Show packages                                                                
                                                                                
 ● Here are the packages:                                                       
                                                                                
   │Package│      Description      │Version│   License    │                     
   ├───────┼───────────────────────┼───────┼──────────────┤                     
   │serde  │Serialization framework│1.0.195│MIT/Apache-2.0│                     
   │tokio  │Async runtime for Rust │1.35.1 │MIT           │                     
   │clap   │Command line parser    │4.4.12 │MIT/Apache-2.0│                     
                                                                                
                                                                                
 >                                                                              
                                                                                
▸ Plan │ Ready
