---
source: crates/crucible-cli/src/tui/testing/code_block_tests.rs
expression: render_conversation(&state)
---
                                                                                
                                                                                
                                                                                
                                                                                
                                                                                
                                                                                
                                                                                
                                                                                
                                                                                
                                                                                
                                                                                
                                                                                
                                                                                
                                                                                
                                                                                
                                                                                
                                                                                
                                                                                
 > Show output                                                                  
                                                                                
 ● Here's the output:                                                           
   Some plain output                                                            
   line 2                                                                       
   line 3
