---
source: crates/crucible-cli/src/tui/testing/code_block_tests.rs
expression: render_conversation(&state)
---
                                                                                
                                                                                
                                                                                
                                                                                
                                                                                
                                                                                
                                                                                
                                                                                
                                                                                
                                                                                
                                                                                
                                                                                
                                                                                
                                                                                
                                                                                
                                                                                
                                                                                
 > Show me some code                                                            
                                                                                
 ● Here's an example:                                                           
   fn main() {                                                                  
       println!("Hello");                                                       
   }                                                                            
   This prints Hello.
