---
source: crates/crucible-cli/src/tui/testing/code_block_tests.rs
expression: h.render()
---
                                                                                
                                                                                
                                                                                
                                                                                
                                                                                
                                                                                
                                                                                
                                                                                
                                                                                
                                                                                
                                                                                
                                                                                
                                                                                
 > Show me Rust                                                                 
                                                                                
 ● Here's an example:                                                           
   fn main() {                                                                  
       println!("Hello!");                                                      
   }                                                                            
                                                                                
                                                                                
 >                                                                              
                                                                                
▸ Plan │ Ready
