---
source: crates/crucible-cli/src/tui/testing/popup_snapshot_tests.rs
expression: h.render()
---
                                                                                
                                                                                
                                                                                
                                                                                
                                                                                
                                                                                
                                                                                
                                                                                
                                                                                
                                                                                
                                                                                
                                                                                
                                                                                
                                                                                
                                                                                
                                                                                
┌Select────────────────────────────────────────────────────────────────────────┐
│[cmd] /search Search notes                                                    │
│> [cmd] /help Show help                                                       │
└──────────────────────────────────────────────────────────────────────────────┘
                                                                                
 >                                                                              
                                                                                
▸ Plan │ Ready
