---
source: crates/crucible-cli/src/tui/testing/inline_viewport_tests.rs
expression: h.render()
---
┌ Viewport ────────────────────────────────────────────────┐
│                                                          │
│                                                          │
│                                                          │
│ >                                                        │
│                                                          │
│▸ Plan │ Ready                                            │
│                                                          │
│                                                          │
│                                                          │
│                                                          │
│                                                          │
│                                                          │
│                                                          │
└──────────────────────────────────────────────────────────┘
