---
source: crates/crucible-cli/src/tui/testing/code_block_tests.rs
expression: h.render()
---
                                                                                
 > Compare languages                                                            
                                                                                
 ● Python:                                                                      
   print("Hello")                                                               
   Rust:                                                                        
   println!("Hello");                                                           
                                                                                
                                                                                
 >                                                                              
                                                                                
▸ Plan │ ollama/llama3.2 │ Ready
