---
source: crates/crucible-cli/src/tui/testing/repl_command_tests.rs
expression: h.render()
---
                                                                                
                                                                                
                                                                                
 >                                                                              
                                                                                
▸ Plan │ ollama/llama3.2 │ Ready
