---
source: crates/crucible-cli/src/tui/testing/table_tests.rs
expression: render_conversation(&state)
---
                                                                                
                                                                                
                                                                                
                                                                                
                                                                                
                                                                                
                                                                                
 > Compare languages and their features                                         
                                                                                
 ● Here are two comparisons:                                                    
                                                                                
   Type Systems:                                                                
                                                                                
   │Language│Type System│                                                       
   ├────────┼───────────┤                                                       
   │Rust    │Static     │                                                       
   │Python  │Dynamic    │                                                       
                                                                                
   Concurrency:                                                                 
                                                                                
   │Language│  Model  │                                                         
   ├────────┼─────────┤                                                         
   │Rust    │Ownership│                                                         
   │Go      │CSP      │
