---
source: crates/crucible-cli/src/tui/testing/tool_call_tests.rs
expression: render_conversation(&state)
---
                                                                                
                                                                                
                                                                                
                                                                                
                                                                                
                                                                                
                                                                                
                                                                                
                                                                                
                                                                                
                                                                                
                                                                                
                                                                                
                                                                                
                                                                                
 > Find all Rust files and their sizes                                          
                                                                                
 ● I'll search for Rust files and check their sizes.                            
                                                                                
 ● glob → src/**/*.rs - 24 files                                                
 ● glob → tests/**/*.rs - 12 files                                              
 ● glob → examples/**/*.rs - 5 files                                            
                                                                                
 ● Found 41 total Rust files across src, tests, and examples.
