---
source: crates/crucible-cli/src/tui/testing/popup_snapshot_tests.rs
expression: h.render()
---
                                                                                
                                                                                
                                                                                
                                                                                
                                                                                
                                                                                
                                                                                
                                                                                
                                                                                
                                                                                
                                                                                
                                                                                
                                                                                
┌Select (11/20) ↑↓─────────────────────────────────────────────────────────────┐
│  / command1 Description for command 1                                        │
│  / command2 Description for command 2                                        │
│  / command3 Description for command 3                                        │
│  / command4 Description for command 4                                        │
│  / command5 Description for command 5                                        │
└──────────────────────────────────────────────────────────────────────────────┘
                                                                                
 >                                                                              
                                                                                
▸ Plan │ Ready
