---
source: crates/crucible-cli/src/tui/testing/tool_call_tests.rs
expression: h.render()
---
                                                                                
                                                                                
                                                                                
                                                                                
                                                                                
                                                                                
                                                                                
                                                                                
                                                                                
                                                                                
                                                                                
                                                                                
                                                                                
                                                                                
 > Find all Rust files and read main.rs                                         
                                                                                
 ● glob(pattern="**/*.rs") → Found 15 files                                     
 ● read_file(path="src/main.rs", limit=50) → fn main() { ... }                  
 ✗ grep(pattern="[invalid") → Invalid regex pattern                             
                                                                                
                                                                                
 >                                                                              
                                                                                
▸ Plan │ Ready
