---
source: crates/crucible-cli/src/tui/testing/popup_snapshot_tests.rs
expression: h.render()
---
                                                                                
                                                                                
                                                                                
                                                                                
                                                                                
                                                                                
                                                                                
                                                                                
                                                                                
                                                                                
                                                                                
                                                                                
                                                                                
┌Select────────────────────────────────────────────────────────────────────────┐
│> [agent] @ researcher Deep research and analysis                             │
│  [agent] @ coder Code generation and review                                  │
│  [agent] @ writer Writing and editing                                        │
│  [file]   src/main.rs workspace                                              │
│  [file]   src/lib.rs workspace                                               │
└──────────────────────────────────────────────────────────────────────────────┘
                                                                                
 >                                                                              
                                                                                
▸ Plan │ Ready
