---
source: crates/crucible-cli/src/tui/testing/table_tests.rs
expression: h.render()
---
                                                                                
 > Show me a comparison                                                         
                                                                                
 ● Here's a comparison:                                                         
                                                                                
   ┌─────────┬──────┬──────┐                                                    
   │ Feature │ Rust │ Go   │                                                    
   ├─────────┼──────┼──────┤                                                    
   │ Memory  │ Safe │ GC   │                                                    
   ├─────────┼──────┼──────┤                                                    
   │ Speed   │ Fast │ Fast │                                                    
   └─────────┴──────┴──────┘                                                    
                                                                                
                                                                                
 >                                                                              
                                                                                
▸ Plan │ ollama/llama3.2 │ Ready
