---
source: crates/crucible-cli/src/tui/testing/e2e_flow_tests.rs
expression: h.full_state()
---
                                                                                
 > Hello                                                                        
                                                                                
 ● Short response.                                                              
                                                                                
                                                                                
 >                                                                              
                                                                                
▸ Plan │ ollama/llama3.2 │ Ready
