---
source: crates/crucible-cli/src/tui/testing/tool_call_tests.rs
expression: render_conversation(&state)
---
                                                                                
 > Read secret file                                                             
                                                                                
 ● I'll try to read that.                                                       
                                                                                
 ✗ read_file → Permission denied
