---
source: crates/crucible-cli/src/tui/testing/e2e_flow_tests.rs
expression: h.render()
---
                                                                                
                                                                                
                                                                                
                                                                                
                                                                                
                                                                                
                                                                                
                                                                                
                                                                                
                                                                                
                                                                                
                                                                                
                                                                                
┌Select────────────────────────────────────────────────────────────────────────┐
│> / search Search notes semantically                                          │
│  / new Start new session                                                     │
│  / clear Clear conversation context                                          │
│  / help Show available commands                                              │
│  / mode Switch session mode                                                  │
└──────────────────────────────────────────────────────────────────────────────┘
                                                                                
 > /                                                                            
                                                                                
▸ Plan │ Ready
