---
source: crates/crucible-cli/src/tui/testing/code_block_tests.rs
expression: h.render()
---
                                                                                
 > Show output                                                                  
                                                                                
 ● Here's the output:                                                           
                                                                                
   Some plain output                                                            
   line 2                                                                       
   line 3                                                                       
                                                                                
                                                                                
                                                                                
 >                                                                              
                                                                                
▸ Plan │ ollama/llama3.2 │ Ready
