---
source: crates/crucible-cli/src/tui/testing/popup_snapshot_tests.rs
expression: h.render()
---
                                                                                
                                                                                
                                                                                
                                                                                
                                                                                
                                                                                
                                                                                
                                                                                
                                                                                
                                                                                
                                                                                
                                                                                
                                                                                
                                                                                
                                                                                
↑  command6 Description for command 6                                           
  command7 Description for command 7                                            
  command8 Description for command 8                                            
  command9 Description for command 9                                            
> command10 Description for command 10 ↓                                        
                                                                                
 >                                                                              
                                                                                
▸ Plan │ ollama/llama3.2 │ Ready
