---
source: crates/crucible-cli/src/tui/oil/components/diff_preview.rs
expression: output
---
[38;2;158;206;106m[new file] [39m[38;5;14mdata.custom[39m
[38;2;158;206;106m+This is a custom format file[39m
[38;2;158;206;106m+With multiple lines[39m
[38;2;158;206;106m+No syntax highlighting[39m
