---
source: crates/crucible-cli/tests/tui_snapshot_tests.rs
expression: terminal.backend()
---
"┌Streaming─────────────────────────────────────────────────────────────────────┐"
"│Assistant: Hi! I'm currently thinking about your question... ▋                │"
"│                                                                              │"
"│                                                                              │"
"│                                                                              │"
"│                                                                              │"
"│                                                                              │"
"│                                                                              │"
"│                                                                              │"
"│                                                                              │"
"│                                                                              │"
"│                                                                              │"
"│                                                                              │"
"│                                                                              │"
"│                                                                              │"
"│                                                                              │"
"│                                                                              │"
"│                                                                              │"
"│                                                                              │"
"└──────────────────────────────────────────────────────────────────────────────┘"
"┌Input─────────────────────────────────────────────────────────────────────────┐"
"│[Act] >                                                                       │"
"└──────────────────────────────────────────────────────────────────────────────┘"
"Mode: Act │ Ready                                                               "
