---
source: crates/crucible-cli/tests/tui_snapshot_tests.rs
expression: terminal.backend()
---
"                                                                                "
"                                                                                "
"                                                                                "
"                                                                                "
"                                                                                "
"                                                                                "
"                                                                                "
"                                                                                "
"                    ┌ Confirm Action ──────────────────────┐                    "
"                    │                                      │                    "
"                    │   Are you sure you want to proceed?  │                    "
"                    │                                      │                    "
"                    │                                      │                    "
"                    │       [Yes]         [No]             │                    "
"                    │                                      │                    "
"                    └──────────────────────────────────────┘                    "
"                                                                                "
"                                                                                "
"                                                                                "
"                                                                                "
"                                                                                "
"                                                                                "
"                                                                                "
"                                                                                "
