---
source: crates/crucible-cli/src/tui/oil/tests/chat_app_snapshot_tests/mod.rs
expression: render_app(&mut app)
---
   ```bash
   # Chat with AI
   cru chat

   # Start MCP server
   cru mcp
   ```

   📊 Comparison

   ┌──────────────────────┬────────────────┬───────┐
   │ Feature              │ Crucible       │ Other │
   ├──────────────────────┼────────────────┼───────┤
   │ Local-first          │ ✅             │ ❌    │
   ├──────────────────────┼────────────────┼───────┤
   │ Sessions as markdown │ ✅             │ ❌    │
   ├──────────────────────┼────────────────┼───────┤
   │ Semantic search      │ ✅ Block-level │ ❌    │
   └──────────────────────┴────────────────┴───────┘
                                                                                
▄▄▄▄▄▄▄▄▄▄▄▄▄▄▄▄▄▄▄▄▄▄▄▄▄▄▄▄▄▄▄▄▄▄▄▄▄▄▄▄▄▄▄▄▄▄▄▄▄▄▄▄▄▄▄▄▄▄▄▄▄▄▄▄▄▄▄▄▄▄▄▄▄▄▄▄▄▄▄▄
 >                                                                              
▀▀▀▀▀▀▀▀▀▀▀▀▀▀▀▀▀▀▀▀▀▀▀▀▀▀▀▀▀▀▀▀▀▀▀▀▀▀▀▀▀▀▀▀▀▀▀▀▀▀▀▀▀▀▀▀▀▀▀▀▀▀▀▀▀▀▀▀▀▀▀▀▀▀▀▀▀▀▀▀
 NORMAL  ...                                                              — ctx
