---
source: crates/crucible-cli/src/tui/oil/tests/rendering_regression_tests.rs
expression: rendered
---
▄▄▄▄▄▄▄▄▄▄▄▄▄▄▄▄▄▄▄▄▄▄▄▄▄▄▄▄▄▄▄▄▄▄▄▄▄▄▄▄▄▄▄▄▄▄▄▄▄▄▄▄▄▄▄▄▄▄▄▄▄▄▄▄▄▄▄▄▄▄▄▄▄▄▄▄▄▄▄▄
 > What is Crucible?                                                            
▀▀▀▀▀▀▀▀▀▀▀▀▀▀▀▀▀▀▀▀▀▀▀▀▀▀▀▀▀▀▀▀▀▀▀▀▀▀▀▀▀▀▀▀▀▀▀▀▀▀▀▀▀▀▀▀▀▀▀▀▀▀▀▀▀▀▀▀▀▀▀▀▀▀▀▀▀▀▀▀

 ● Crucible – a local-first AI assistant

   ┌──────────┬────────────────────────────────────────────────────────────┐   
   │ Section  │ What it covers                                             │   
   ├──────────┼────────────────────────────────────────────────────────────┤   
   │ What it  │ A Rust-powered AI agent that lives on your machine. All    │   
   │ is       │ conversations are stored as plain-text Markdown files.     │   
   ├──────────┼────────────────────────────────────────────────────────────┤   
   │ Core     │ • Markdown sessions – every chat is a file                 │   
   │ ideas    │ • Your notes = memory – embed every block                  │   
   └──────────┴────────────────────────────────────────────────────────────┘   

   Why it matters

   1. Control – All data lives on your machine
   2. Flexibility – Plug in any LLM
 
▄▄▄▄▄▄▄▄▄▄▄▄▄▄▄▄▄▄▄▄▄▄▄▄▄▄▄▄▄▄▄▄▄▄▄▄▄▄▄▄▄▄▄▄▄▄▄▄▄▄▄▄▄▄▄▄▄▄▄▄▄▄▄▄▄▄▄▄▄▄▄▄▄▄▄▄▄▄▄▄
 >                                                                              
▀▀▀▀▀▀▀▀▀▀▀▀▀▀▀▀▀▀▀▀▀▀▀▀▀▀▀▀▀▀▀▀▀▀▀▀▀▀▀▀▀▀▀▀▀▀▀▀▀▀▀▀▀▀▀▀▀▀▀▀▀▀▀▀▀▀▀▀▀▀▀▀▀▀▀▀▀▀▀▀
 NORMAL  ...
