---
source: crates/crucible-cli/src/tui/oil/tests/fixture_replay_tests.rs
assertion_line: 236
expression: styled
---
[?25h[m[H[J[38;2;40;44;52m▄▄▄▄▄▄▄▄▄▄▄▄▄▄▄▄▄▄▄▄▄▄▄▄▄▄▄▄▄▄▄▄▄▄▄▄▄▄▄▄▄▄▄▄▄▄▄▄▄▄▄▄▄▄▄▄▄▄▄▄▄▄▄▄▄▄▄▄▄▄▄▄▄▄▄▄▄▄▄▄
[39;48;2;40;44;52m > Read a file                                                                  
[38;2;40;44;52;49m▀▀▀▀▀▀▀▀▀▀▀▀▀▀▀▀▀▀▀▀▀▀▀▀▀▀▀▀▀▀▀▀▀▀▀▀▀▀▀▀▀▀▀▀▀▀▀▀▀▀▀▀▀▀▀▀▀▀▀▀▀▀▀▀▀▀▀▀▀▀▀▀▀▀▀▀▀▀▀▀[5;1H[38;2;158;206;106m ✓ [37mRead File src/main.rs
   │ fn main() {                                                                
   │     println!("Hello");                                                     
   │ }                                                                          [10;1H[m   The file contains a simple hello world program.
                                                                                
[38;2;60;64;72m▄▄▄▄▄▄▄▄▄▄▄▄▄▄▄▄▄▄▄▄▄▄▄▄▄▄▄▄▄▄▄▄▄▄▄▄▄▄▄▄▄▄▄▄▄▄▄▄▄▄▄▄▄▄▄▄▄▄▄▄▄▄▄▄▄▄▄▄▄▄▄▄▄▄▄▄▄▄▄▄
[39;48;2;60;64;72m >                                                                              
[38;2;60;64;72;49m▀▀▀▀▀▀▀▀▀▀▀▀▀▀▀▀▀▀▀▀▀▀▀▀▀▀▀▀▀▀▀▀▀▀▀▀▀▀▀▀▀▀▀▀▀▀▀▀▀▀▀▀▀▀▀▀▀▀▀▀▀▀▀▀▀▀▀▀▀▀▀▀▀▀▀▀▀▀▀▀
[30;102;1m NORMAL [90;49;22m [96m...[m                                                              [90m— ctx[m [13;4H
