---
source: crates/crucible-cli/src/tui/oil/tests/component_isolation_tests.rs
expression: "render_configured_bar_ansi(&bar, 120)"
---
[48;5;10m[38;5;0m[1m NORMAL [0m[38;5;8m [39m[38;5;14mglm-4.7-flash-iq4[39m                                                                   [38;2;255;255;255mCtrl+C again to quit[39m [38;2;224;175;104m[1m[7m WARN [0m
