---
source: crates/crucible-cli/src/tui/oil/tests/chat_app_snapshot_tests.rs
expression: render_app_raw(&app)
---
 
[38;2;40;44;52m▄▄▄▄▄▄▄▄▄▄▄▄▄▄▄▄▄▄▄▄▄▄▄▄▄▄▄▄▄▄▄▄▄▄▄▄▄▄▄▄▄▄▄▄▄▄▄▄▄▄▄▄▄▄▄▄▄▄▄▄▄▄▄▄▄▄▄▄▄▄▄▄▄▄▄▄▄▄▄▄[39m
[48;2;40;44;52m > [49m[48;2;40;44;52m                                                                             [49m
[38;2;40;44;52m▀▀▀▀▀▀▀▀▀▀▀▀▀▀▀▀▀▀▀▀▀▀▀▀▀▀▀▀▀▀▀▀▀▀▀▀▀▀▀▀▀▀▀▀▀▀▀▀▀▀▀▀▀▀▀▀▀▀▀▀▀▀▀▀▀▀▀▀▀▀▀▀▀▀▀▀▀▀▀▀[39m
[48;5;10m[38;5;0m[1m NORMAL [0m[38;5;8m [39m[38;5;14m...[39m                                               [38;2;255;255;255mContext at 85%[39m [38;2;224;175;104m[1m[7m WARN [0m
