---
source: crates/crucible-cli/src/tui/oil/tests/component_isolation_tests.rs
expression: "render_plain(&popup, 80)"
---







   Option A                                                                    
   Option B                                                                    
 ▸ Option C
