---
source: crates/crucible-cli/src/tui/oil/components/interaction_modal/tests/perm.rs
assertion_line: 202
expression: out
---
[38;2;40;44;52m▄▄▄▄▄▄▄▄▄▄▄▄▄▄▄▄▄▄▄▄▄▄▄▄▄▄▄▄▄▄▄▄▄▄▄▄▄▄▄▄▄▄▄▄▄▄▄▄▄▄▄▄▄▄▄▄▄▄▄▄▄▄▄▄▄▄▄▄▄▄▄▄▄▄▄▄▄▄▄▄▄▄▄▄▄▄▄▄▄▄▄▄▄▄▄▄▄▄▄▄▄▄▄▄▄▄▄▄▄▄▄▄▄▄▄▄▄▄▄▄[0m
[48;2;40;44;52m[38;2;255;255;255m  edit (file_path="src/foo.rs")                                                                                         [0m
[48;2;40;44;52m                                                                                                                        [0m
[38;2;0;206;209medit [0m[38;5;15msrc/foo.rs[0m[38;5;7m[2m  +1 -1[0m
[38;2;247;118;142mfn old() {}[0m                                               [38;5;7m[2m │ [0m[38;2;158;206;106mfn new() {}[0m
[48;2;40;44;52m[38;5;7m[2m  press h to expand/collapse diff                                                                                       [0m
[48;2;40;44;52m                                                                                                                        [0m
[48;2;40;44;52m[38;5;14m[1m  > [y] Yes                                                                                                             [0m
[48;2;40;44;52m[38;2;192;202;245m    [n][0m[48;2;40;44;52m[38;2;255;255;255m No[0m[48;2;40;44;52m                                                                                                              [0m
[48;2;40;44;52m[38;2;192;202;245m    [a][0m[48;2;40;44;52m[38;2;255;255;255m Allowlist[0m[48;2;40;44;52m                                                                                                       [0m
[38;2;40;44;52m▀▀▀▀▀▀▀▀▀▀▀▀▀▀▀▀▀▀▀▀▀▀▀▀▀▀▀▀▀▀▀▀▀▀▀▀▀▀▀▀▀▀▀▀▀▀▀▀▀▀▀▀▀▀▀▀▀▀▀▀▀▀▀▀▀▀▀▀▀▀▀▀▀▀▀▀▀▀▀▀▀▀▀▀▀▀▀▀▀▀▀▀▀▀▀▀▀▀▀▀▀▀▀▀▀▀▀▀▀▀▀▀▀▀▀▀▀▀▀▀[0m
[38;2;247;118;142m[1m[7m PERMISSION [0m[38;2;247;118;142m[1m TOOL [0m[38;2;247;118;142m  y/n/a[0m[38;2;100;110;130m options[0m[38;2;247;118;142m  ↑↓[0m[38;2;100;110;130m move[0m[38;2;247;118;142m  Tab[0m[38;2;100;110;130m entry[0m[38;2;247;118;142m  h[0m[38;2;100;110;130m diff[0m[38;2;247;118;142m  Esc[0m[38;2;100;110;130m cancel[0m
